// Jest Snapshot v1, https://goo.gl/fbAQLP

exports[`renders correctly snapshots 1`] = `
<View
  accessible={true}
  focusable={false}
  onClick={[Function]}
  onResponderGrant={[Function]}
  onResponderMove={[Function]}
  onResponderRelease={[Function]}
  onResponderTerminate={[Function]}
  onResponderTerminationRequest={[Function]}
  onStartShouldSetResponder={[Function]}
  style={
    Object {
      "borderRadius": 2,
      "borderWidth": 0,
      "flexDirection": "row",
      "opacity": 1,
      "padding": 12,
    }
  }
>
  <View
    style={
      Object {
        "alignItems": "center",
        "flex": 1,
        "flexDirection": "row",
        "justifyContent": "center",
        "opacity": 1,
      }
    }
  >
    <View
      style={
        Object {
          "flexShrink": 1,
        }
      }
    >
      <Text
        style={
          Object {
            "color": "black",
            "fontSize": 12,
            "fontWeight": "normal",
            "textAlign": "center",
            "textDecorationLine": "none",
          }
        }
      />
    </View>
  </View>
</View>
`;
